<script type="text/javascript">
  define('sourceModules/inlineOptions', {
      modulesOptions : {
          globalNav : {
              pageLimit: 10
          }
      }
  });
</script>

<div class="source_subhead">
  <h1><a href="/collections">Collections</a> / Launchpad</h1>
</div>


<div class="source_col">
  <div class="source_catalog" data-nav="/items" data-tag="launchpad-widget">
    <h2 class="source_catalog_title"><a href="/collections/launchpad/widgets">Widgets</a></h2>
    <p>Launchpad widgets collection.</p>
  </div>
</div>

<div class="source_col">
  <div class="source_catalog" data-nav="/items" data-tag="launchpad-feature">
    <h2 class="source_catalog_title"><a href="/collections/launchpad/features">Features</a></h2>
    <p>Launchpad reusable modules.</p>
  </div>
</div>

<div class="source_col">
  <div class="source_catalog" data-nav="/items" data-tag="launchpad-container">
    <h2 class="source_catalog_title"><a href="/collections/launchpad/containers">Containers</a></h2>
    <p>Launchpad containers.</p>
  </div>
</div>

<div class="source_col">
  <div class="source_catalog" data-nav="/items/ui/scripts/components">
    <h2 class="source_catalog_title"><a href="/collections/launchpad/ui">UI Components</a></h2>
    <p>Launchpad UI components.</p>
  </div>
</div>

<div class="source_col">
  <div class="source_catalog" data-nav="/items" data-tag="launchpad-theme">
    <h2 class="source_catalog_title"><a href="/collections/launchpad/theme">Theme</a></h2>
    <p>Launchpad themes.</p>
  </div>
</div>

<div class="source_col">
  <div class="source_catalog" data-nav="/items" data-tag="launchpad-template">
    <h2 class="source_catalog_title"><a href="/collections/launchpad/templates" data-tag="launchpad-templates">Templates</a></h2>
    <p>Launchpad templates.</p>
  </div>
</div>
