{
    "title": "Launchpad collection",
    "role": "navigation"
}