{
  "name": "module-launchpad",
  "description": "Module Launchpad Architecture",
  "version": "1.0.0",
  "main": "./scripts/main.js",
  "repository": {
    "type": "git",
    "url": ""
  },
  "authors": [
    "author@company.com"
  ],
  "moduleType": [
    "umd"
  ],
  "ignore": [
    "**/.*",
    "node_modules",
    "bower_components"
  ],
  "private": true,
  "dependencies": {

  },
  "devDependencies": {

  }
}
