{
  "title": "widget_launchpad_alike",
  "specFile": "index.dev.html",
  "tag": [
    "launchpad-widget"
  ]
}
